// Jest Snapshot v1, https://goo.gl/fbAQLP

exports[`Home Snapshot Testing 1`] = `
<div
  className="ui padded grid"
  style={
    Object {
      "background": "linear-gradient(0deg,rgba(0,0,0,0.8),rgba(0,0,0,0.8)),url(https://source.unsplash.com/collection/3178572/1600x900)",
      "backgroundSize": "cover",
      "height": "100vh",
    }
  }
>
  <div
    className="centered row"
  >
    <div
      className="center aligned middle aligned eight wide column"
    >
      <img
        alt="Avatar"
        className="ui small centered rounded image"
        src="avatar.jpeg"
      />
      <h1
        className="ui header"
        style={
          Object {
            "color": "#fff",
            "marginTop": 25,
          }
        }
      >
        Mateus Andrade
      </h1>
      <h3
        className="ui header"
        style={
          Object {
            "color": "#fff",
            "marginBottom": 30,
          }
        }
      >
        Fullstack Javascript Developer
      </h3>
      <div
        className="row"
      >
        <div
          className="column"
        >
          <a
            href="https://github.com/mcodex"
            id="githubButton"
            onClick={[Function]}
            rel="noopener noreferrer"
            target="_blank"
          >
            <i
              aria-hidden="true"
              className="github big icon"
              onClick={[Function]}
              style={
                Object {
                  "color": "white",
                }
              }
            />
          </a>
          <a
            href="https://br.linkedin.com/in/mateus-andrade-832bb7b4"
            id="linkedinButton"
            onClick={[Function]}
            rel="noopener noreferrer"
            target="_blank"
          >
            <i
              aria-hidden="true"
              className="linkedin big icon"
              onClick={[Function]}
              style={
                Object {
                  "color": "white",
                }
              }
            />
          </a>
        </div>
      </div>
    </div>
  </div>
</div>
`;
