// Jest Snapshot v1, https://goo.gl/fbAQLP

exports[`Home Snapshot Testing 1`] = `
<a
  id="undefinedButton"
  onClick={[Function]}
  rel="noopener noreferrer"
  target="_blank"
>
  <i
    aria-hidden="true"
    className="big icon"
    onClick={[Function]}
    style={
      Object {
        "color": "white",
      }
    }
  />
</a>
`;
